
> cfpt-ivato-systeme-de-gestion-des-evaluations@2.2.1 dist-win
> npm run generate-icons && npm run build && cross-env NODE_ENV=production electron-builder --win --publish=never


> cfpt-ivato-systeme-de-gestion-des-evaluations@2.2.1 generate-icons
> node scripts/generate-ico.js

ÔÜá´©Å Skipping icon generation because SKIP_ICON_GEN=1 or assets/.keep_custom_icon exists.

> cfpt-ivato-systeme-de-gestion-des-evaluations@2.2.1 build
> vite build

[36mvite v7.1.9 [32mbuilding for production...[36m[39m
transforming...
[32mÔ£ô[39m 2612 modules transformed.
rendering chunks...
npm : [33m[plugin vite:reporter] 
Au caractère Ligne:1 : 1
+ npm run dist-win 2>&1 | Tee-Object -FilePath "build_output.txt" | Sel ...
+ ~~~~~~~~~~~~~~~~~~~~~
    + CategoryInfo          : NotSpecified: ([33m[plugin vite:reporter] :String) [], RemoteEx 
   ception
    + FullyQualifiedErrorId : NativeCommandError
 
(!)  C:/Users/mada-/Documents/app/node_modules/exceljs/dist/exceljs.min.js?commonjs-es-import 
is dynamically imported by C:/Users/mada-/Documents/app/src/services/database.ts, 
C:/Users/mada-/Documents/app/src/services/database.ts but also statically imported by 
C:/Users/mada-/Documents/app/src/services/excelService.ts, dynamic import will not move module 
into another chunk.
[39m
computing gzip size...
[2mdist/[22m[32mindex.html                     [39m[1m[2m    1.22 kB[22m[1m[22m[2m Ôöé gzip:   0.57 kB[22m
[2mdist/[22m[35massets/index-CD6kV7Np.css      [39m[1m[2m   82.96 kB[22m[1m[22m[2m Ôöé gzip:  11.42 kB[22m
[2mdist/[22m[36massets/DebugTools-Bovla16-.js  [39m[1m[2m    7.32 kB[22m[1m[22m[2m Ôöé gzip:   2.40 kB[22m
[2mdist/[22m[36massets/utils-DQA4EnGU.js       [39m[1m[2m   19.68 kB[22m[1m[22m[2m Ôöé gzip:   5.63 kB[22m
[2mdist/[22m[36massets/ui-CKDm7rvf.js          [39m[1m[2m   27.30 kB[22m[1m[22m[2m Ôöé gzip:   5.65 kB[22m
[2mdist/[22m[36massets/Evaluation-BrN9QpcO.js  [39m[1m[2m   44.45 kB[22m[1m[22m[2m Ôöé gzip:  10.62 kB[22m
[2mdist/[22m[36massets/vendor-C7OCajrM.js      [39m[1m[2m  141.47 kB[22m[1m[22m[2m Ôöé gzip:  45.37 kB[22m
[2mdist/[22m[36massets/Statistics-BMaea8sT.js  [39m[1m[2m  163.82 kB[22m[1m[22m[2m Ôöé gzip:  38.99 kB[22m
[2mdist/[22m[36massets/index-GkzHu3CF.js       [39m[1m[33m1,926.35 kB[39m[22m[2m Ôöé gzip: 562.53 kB[22m
[33m
(!) Some chunks are larger than 500 kB after minification. Consider:
- Using dynamic import() to code-split the application
- Use build.rollupOptions.output.manualChunks to improve chunking: 
https://rollupjs.org/configuration-options/#output-manualchunks
- Adjust chunk size limit for this warning via build.chunkSizeWarningLimit.[39m
[32mÔ£ô built in 12.21s[39m
  ÔÇó electron-builder  version=24.13.3 os=10.0.26200
  ÔÇó packaging       platform=win32 arch=x64 electron=28.3.3 appOutDir=dist\win-unpacked
  ÔÇó building        target=nsis file=dist\cfpt-ivato-systeme-de-gestion-des-evaluations Setup 2.2.1.exe archs=x64 oneClick=true perMachine=false
  ÔÇó building block map  blockMapFile=dist\cfpt-ivato-systeme-de-gestion-des-evaluations Setup 2.2.1.exe.blockmap
